Загрузите образ node версии 15.14
PS D:\Desctop\Education\Node\HW\node.library.2.4_Docker-Installation-configuration.7> docker pull node:15.14
15.14: Pulling from library/node
4b57d41e8391: Pull complete
dc05be471d51: Pull complete
bd821d20ef8c: Pull complete
6041b69671c6: Pull complete
bfde2ec33fbc: Pull complete
787f5e2f1047: Pull complete
7b6173a10eb8: Pull complete
55fab5cadd3c: Pull complete
989c5d2d2313: Pull complete 
Digest: sha256:608bba799613b1ebf754034ae008849ba51e88b23271412427b76d60ae0d0627
Status: Downloaded newer image for node:15.14
docker.io/library/node:15.14

Запустите контейнер node в интерактивном режиме подключения терминала, поименуйте его mynode, передайте две переменные среды NAME=<ваше имя> и SURNAME=<ваша фамилия>
PS D:\Desctop\Education\Node\HW\node.library.2.4_Docker-Installation-configuration.7> docker run -it --name mynode -e NAME=Олег -e SURNAME=Гречишников node:15.14
Welcome to Node.js v15.14.0.
Type ".help" for more information.
>
В интерактивной среде выполнения node выполните скрипт, который выведет на экран приветсвтие: Привет, <ваше имя> <ваша фамилия>!,
  эти данные должны быть получены из переменных среды
>console.log(`Привет ${process.env.NAME} ${process.env.SURNAME}!!`)
Привет Олег Гречишников!!
undefined
>
Остановите контейнер
(Здесь я жамкал Ctrl+C, чтобы выйти из контейнера)
PS D:\Desctop\Education\Node\HW\node.library.2.4_Docker-Installation-configuration.7> docker stop mynode
mynode
PS D:\Desctop\Education\Node\HW\node.library.2.4_Docker-Installation-configuration.7>

Удалите образ node версии 15.14
PS D:\Desctop\Education\Node\HW\node.library.2.4_Docker-Installation-configuration.7>docker rmi 608bba799613
Untagged: busybox:latest
Deleted: sha256:608bba7996134c551b1b5582e27747b855bbfaa73fa11914fe0df028dc581f
PS D:\Desctop\Education\Node\HW\node.library.2.4_Docker-Installation-configuration.7> docker images -a       
REPOSITORY   TAG       IMAGE ID   CREATED   SIZE
PS D:\Desctop\Education\Node\HW\node.library.2.4_Docker-Installation-configuration.7>docker